---
source: crates/querygpt-core/tests/compiler_diagnostics.rs
expression: diagnostics
---
{
  "errors": [
    {
      "code": "invalid_pagination",
      "message": "pagination value for 'limit' must be non-negative",
      "spans": [
        {
          "pointer": "/unknown/limit"
        }
      ],
      "details": {
        "value": -5
      },
      "help": []
    }
  ],
  "warnings": []
}
