---
source: crates/querygpt-core/tests/compiler_diagnostics.rs
expression: diagnostics
---
{
  "errors": [
    {
      "code": "invalid_join",
      "message": "invalid join: invalid join expression (missing '='): 'left.left_id right.right_id'",
      "spans": [],
      "details": {
        "reason": "invalid join expression (missing '='): 'left.left_id right.right_id'"
      },
      "help": [
        "Check that all referenced tables exist",
        "Verify join conditions are valid"
      ]
    }
  ],
  "warnings": []
}
